// Jest Snapshot v1, https://goo.gl/fbAQLP

exports[`should render the App component without crashing 1`] = `ShallowWrapper {}`;
