// Jest Snapshot v1, https://goo.gl/fbAQLP

exports[`should render the CardList Component 1`] = `ShallowWrapper {}`;
