// Jest Snapshot v1, https://goo.gl/fbAQLP

exports[`should render the card component 1`] = `ShallowWrapper {}`;
