// Jest Snapshot v1, https://goo.gl/fbAQLP

exports[`should  render the Mainpage without crashing 1`] = `ShallowWrapper {}`;
